---
source: src/ui/list.rs
assertion_line: 335
expression: "render(&a, 100, 12).backend()"
---
"┌ devsweep ─ /w ───────────────────────────────────────────────────────────────────────────────────┐"
"│ THIS FOLDER           │ Artifacts · 0 items                                           sort: size │"
"│ ▸ Artifacts     error │ ──────────────────────────────────────────────────────────────────────── │"
"│                       │ permission denied                                                        │"
"│                       │                                                                          │"
"│                       │                                                                          │"
"│                       │                                                                          │"
"│                       │                                                                          │"
"│                       │                                                                          │"
"│──────────────────────────────────────────────────────────────────────────────────────────────────│"
"│ 0 selected · 0 B   space toggle · tab pane · a all · s sort · / filter · ⏎ review · q quit       │"
"└──────────────────────────────────────────────────────────────────────────────────────────────────┘"
