---
source: src/ui/list.rs
assertion_line: 645
expression: "render(&a, 100, 12).backend()"
---
"┌ devsweep ─ /w ───────────────────────────────────────────────────────────────────────────────────┐"
"│ ── this folder ──────│ Artifacts                                                      sort: size │"
"│▌ Artifacts     error │ ───────────────────────────────────────────────────────────────────────── │"
"│                      │ permission denied                                                         │"
"│                      │ Allow Full Disk Access for your terminal, then press r.                   │"
"│                      │                                                                           │"
"│                      │                                                                           │"
"│                      │                                                                           │"
"│                      │                                                                           │"
"│──────────────────────────────────────────────────────────────────────────────────────────────────│"
"│ 0 selected · 0 B   space toggle · ⏎ review · ? help · a all · s sort · / filter · q quit         │"
"└──────────────────────────────────────────────────────────────────────────────────────────────────┘"
