---
source: src/ui/review.rs
assertion_line: 409
expression: render(&a).backend()
---
"┌ devsweep ─ /Users/u/Workspace ───────────────────────────────────────────────────────────────────┐"
"│ ⠋ Removing · 0 of 3 · 0 B freed so far                                                           │"
"│                                                                                                  │"
"│ Worktrees                                                                                        │"
"│   · codex/glowz-robots                                                                   waiting │"
"│   · codex/old app                                                                        waiting │"
"│ Docker                                                                                           │"
"│   ⠋ Dangling images                                                                     removing │"
"│                                                                                                  │"
"│                                                                                                  │"
"│                                                                                                  │"
"│                                                                                                  │"
"│                                                                                                  │"
"│                                                                                                  │"
"│                                                                                                  │"
"│                                                                                                  │"
"│                                                                                                  │"
"│──────────────────────────────────────────────────────────────────────────────────────────────────│"
"│ stopping after the current item · ctrl-c again to quit now                                       │"
"└──────────────────────────────────────────────────────────────────────────────────────────────────┘"
