---
source: src/ui/review.rs
assertion_line: 232
expression: render(&done(false)).backend()
---
"┌ devsweep ─ /Users/u/Workspace ───────────────────────────────────────────────────────────────────┐"
"│ Freed 2.1 GB in 3 items                                                                          │"
"│                                                                                                  │"
"│ Everything selected was removed.                                                                 │"
"│                                                                                                  │"
"│                                                                                                  │"
"│                                                                                                  │"
"│                                                                                                  │"
"│                                                                                                  │"
"│                                                                                                  │"
"│                                                                                                  │"
"│                                                                                                  │"
"│                                                                                                  │"
"│                                                                                                  │"
"│                                                                                                  │"
"│                                                                                                  │"
"│                                                                                                  │"
"│──────────────────────────────────────────────────────────────────────────────────────────────────│"
"│ r rescan · q quit                                                                                │"
"└──────────────────────────────────────────────────────────────────────────────────────────────────┘"
