---
source: src/ui/list.rs
assertion_line: 343
expression: "render(&a, 100, 12).backend()"
---
"┌ devsweep ─ /w ───────────────────────────────────────────────────────────────────────────────────┐"
"│ MACHINE               │ Docker · 0 items                                              sort: size │"
"│ ▸ Docker           0B │ ──────────────────────────────────────────────────────────────────────── │"
"│                       │ daemon stopped                                                           │"
"│                       │                                                                          │"
"│                       │                                                                          │"
"│                       │                                                                          │"
"│                       │                                                                          │"
"│                       │                                                                          │"
"│──────────────────────────────────────────────────────────────────────────────────────────────────│"
"│ 0 selected · 0 B   space toggle · tab pane · a all · s sort · / filter · ⏎ review · q quit       │"
"└──────────────────────────────────────────────────────────────────────────────────────────────────┘"
