---
source: src/ui/list.rs
expression: "render(&mockup(), 100, 20).backend()"
---
"┌ devsweep ─ /Users/u/Workspace ───────────────────────────────────────────────────────────────────┐"
"│ ── this folder ───────────────│ Worktrees  1.5 GB · 5 items                           sort: size │"
"│  Artifacts  █████▉    14.2 GB │ ──────────────────────────────────────────────────────────────── │"
"│▌ Worktrees  ▋          1.5 GB │ [x] codex/glowz-robots     merged · clean · safe ██████   412 MB │"
"│                               │ [x] codex/customer-module  merged · clean · safe █████▋   388 MB │"
"│ ── machine ───────────────────│ [ ] codex/glowz-dev-depl…  dirty · 3 files       ████▍    301 MB │"
"│  iOS        ████████  19.0 GB │  ⊘  orca/website/arowana   claude · PID 4821     ████▏    290 MB │"
"│  Android                    ⠋ │ [ ] codex/090b             clean · stale 41d     █▍        95 MB │"
"│  Docker                     ⠋ │                                                                  │"
"│  Dev caches ███▍       8.2 GB │                                                                  │"
"│                               │                                                                  │"
"│                               │                                                                  │"
"│                               │                                                                  │"
"│                               │                                                                  │"
"│                               │                                                                  │"
"│                               │                                                                  │"
"│                               │                                                                  │"
"│──────────────────────────────────────────────────────────────────────────────────────────────────│"
"│ 3 selected · 9.0 GB   space toggle · ⏎ review · ? help · a all · s sort · / filter · q quit      │"
"└──────────────────────────────────────────────────────────────────────────────────────────────────┘"
