---
source: src/ui/review.rs
assertion_line: 227
expression: render(&done(true)).backend()
---
"┌ devsweep ─ /Users/u/Workspace ───────────────────────────────────────────────────────────────────┐"
"│ Freed 1.7 GB in 2 items                                                                          │"
"│                                                                                                  │"
"│ 1 failed                                                                                         │"
"│   ✗ codex/glowz-robots                                                        changed since scan │"
"│                                                                                                  │"
"│                                                                                                  │"
"│                                                                                                  │"
"│                                                                                                  │"
"│                                                                                                  │"
"│                                                                                                  │"
"│                                                                                                  │"
"│                                                                                                  │"
"│                                                                                                  │"
"│                                                                                                  │"
"│                                                                                                  │"
"│                                                                                                  │"
"│──────────────────────────────────────────────────────────────────────────────────────────────────│"
"│ r rescan · q quit                                                                                │"
"└──────────────────────────────────────────────────────────────────────────────────────────────────┘"
