---
source: src/ui/review.rs
expression: render(&a).backend()
---
"┌ devsweep ─ /Users/u/Workspace ───────────────────────────────────────────────────────────────────┐"
"│ ⠋ Removing · 2 of 3 · 1.6 GB freed so far                                                        │"
"│                                                                                                  │"
"│ Worktrees                                                                                        │"
"│   ✗ codex/glowz-robots                                                        changed since scan │"
"│   ⠋ codex/old app                                                                       removing │"
"│ Docker                                                                                           │"
"│   ✓ Dangling images                                                                       1.6 GB │"
"│                                                                                                  │"
"│                                                                                                  │"
"│                                                                                                  │"
"│                                                                                                  │"
"│                                                                                                  │"
"│                                                                                                  │"
"│                                                                                                  │"
"│                                                                                                  │"
"│                                                                                                  │"
"│──────────────────────────────────────────────────────────────────────────────────────────────────│"
"│ q quit when finished                                                                             │"
"└──────────────────────────────────────────────────────────────────────────────────────────────────┘"
