---
source: src/ui/list.rs
assertion_line: 322
expression: "render(&a, 100, 20).backend()"
---
"┌ devsweep ─ /Users/u/Workspace ───────────────────────────────────────────────────────────────────┐"
"│ THIS FOLDER           │ Artifacts · 0 items                                           sort: size │"
"│ ▸ Artifacts        ⠋  │ ──────────────────────────────────────────────────────────────────────── │"
"│   Worktrees        ⠋  │                                                                          │"
"│                       │                                                                          │"
"│ MACHINE               │                                                                          │"
"│   iOS              ⠋  │                                                                          │"
"│   Android          ⠋  │                                                                          │"
"│   Docker           ⠋  │                                                                          │"
"│   Dev caches       ⠋  │                                                                          │"
"│                       │                                                                          │"
"│                       │                                                                          │"
"│                       │                                                                          │"
"│                       │                                                                          │"
"│                       │                                                                          │"
"│                       │                                                                          │"
"│                       │                                                                          │"
"│──────────────────────────────────────────────────────────────────────────────────────────────────│"
"│ 0 selected · 0 B   space toggle · tab pane · a all · s sort · / filter · ⏎ review · q quit       │"
"└──────────────────────────────────────────────────────────────────────────────────────────────────┘"
