---
source: src/ui/list.rs
expression: "render(&a, 100, 24).backend()"
---
"┌ devsweep ─ /Users/u/Workspace ───────────────────────────────────────────────────────────────────┐"
"│ ── this folder ───────────────│ Worktrees  1.5 GB · 5 items                           sort: size │"
"│  Artifacts  █████▉    14.2 GB │ ──────────────────────────────────────────────────────────────── │"
"│▌ Worktrees  ▋     ┌ help · any key closes ───────────────────────────────────┐fe ██████   412 MB │"
"│                   │  ↑↓ j k     move                                         │fe █████▋   388 MB │"
"│ ── machine ───────│  tab ← →    switch between sources and items             │   ████▍    301 MB │"
"│  iOS        ██████│  space      select or unselect the item                  │   ████▏    290 MB │"
"│  Android          │  a          select every unlocked item of the source     │   █▍        95 MB │"
"│  Docker           │  s          sort by size, name or age                    │                   │"
"│  Dev caches ███▍  │  /          filter by name                               │                   │"
"│                   │  r          scan again                                   │                   │"
"│                   │  ⏎          review what will be removed                  │                   │"
"│                   │  q          quit                                         │                   │"
"│                   │                                                          │                   │"
"│                   │  [x]        selected                                     │                   │"
"│                   │   ⊘         locked: in use, cannot be selected           │                   │"
"│                   │  safe       regenerates by itself; preselected           │                   │"
"│                   │  merged     its branch is in the default branch          │                   │"
"│                   │  dirty      would lose uncommitted or ignored files      │                   │"
"│                   │  stale      no commit for a while                        │                   │"
"│                   └──────────────────────────────────────────────────────────┘                   │"
"│──────────────────────────────────────────────────────────────────────────────────────────────────│"
"│ 3 selected · 9.0 GB   space toggle · ⏎ review · ? help · a all · s sort · / filter · q quit      │"
"└──────────────────────────────────────────────────────────────────────────────────────────────────┘"
