---
source: src/ui/list.rs
expression: "render(&mockup(), 70, 16).backend()"
---
"┌ devsweep ─ /Users/u/Workspace ─────────────────────────────────────┐"
"│ Artifacts 14.2 GB │ Worktrees 1.5 GB │ iOS 19.0 GB │ Android ⠋ │ Do│"
"│────────────────────────────────────────────────────────────────────│"
"│ Worktrees  1.5 GB · 5 items                             sort: size │"
"│ ────────────────────────────────────────────────────────────────── │"
"│ [x] codex/glowz-robots      merged · clean · safe  ██████   412 MB │"
"│ [x] codex/customer-module   merged · clean · safe  █████▋   388 MB │"
"│ [ ] codex/glowz-dev-deploy  dirty · 3 files        ████▍    301 MB │"
"│  ⊘  orca/website/arowana    claude · PID 4821      ████▏    290 MB │"
"│ [ ] codex/090b              clean · stale 41d      █▍        95 MB │"
"│                                                                    │"
"│                                                                    │"
"│                                                                    │"
"│────────────────────────────────────────────────────────────────────│"
"│ 3 selected · 9.0 GB   space toggle · ⏎ review · ? help · a all · s │"
"└────────────────────────────────────────────────────────────────────┘"
